// Jest Snapshot v1, https://goo.gl/fbAQLP

exports[`renders correctly 1`] = `
<View
  style={
    Object {
      "backgroundColor": "#E4E4E4",
      "flex": 1,
      "marginVertical": 30,
      "padding": 20,
      "width": 730,
    }
  }
>
  <TextInput
    allowFontScaling={true}
    autoCorrect={false}
    placeholder="Add an item!"
    placeholderTextColor="#999"
    returnKeyType="done"
    style={
      Object {
        "borderBottomColor": "#bbb",
        "borderBottomWidth": 1,
        "fontSize": 24,
        "padding": 20,
      }
    }
    underlineColorAndroid="transparent"
  />
</View>
`;
