// Jest Snapshot v1, https://goo.gl/fbAQLP

exports[`App snapshot renders the loading screen 1`] = `
<View
  style={
    Object {
      "alignItems": "center",
      "backgroundColor": "#fff",
      "flex": 1,
    }
  }
>
  <Text
    style={
      Object {
        "color": "#B62A17",
        "fontSize": 36,
        "fontWeight": "300",
        "marginBottom": 30,
        "marginTop": 60,
      }
    }
  >
    Daily
  </Text>
  <View
    style={
      Object {
        "backgroundColor": "#E4E4E4",
        "flex": 1,
        "marginBottom": 10,
        "padding": 20,
        "width": 730,
      }
    }
  >
    <TextInput
      allowFontScaling={true}
      placeholder="Add an item!"
      style={
        Object {
          "borderBottomColor": "#bbb",
          "borderBottomWidth": 1,
          "fontSize": 24,
          "padding": 20,
        }
      }
      underlineColorAndroid="transparent"
    />
  </View>
</View>
`;

exports[`App snapshot renders the root without loading screen 1`] = `
<View
  style={
    Object {
      "alignItems": "center",
      "backgroundColor": "#fff",
      "flex": 1,
    }
  }
>
  <Text
    style={
      Object {
        "color": "#B62A17",
        "fontSize": 36,
        "fontWeight": "300",
        "marginBottom": 30,
        "marginTop": 60,
      }
    }
  >
    Daily
  </Text>
  <View
    style={
      Object {
        "backgroundColor": "#E4E4E4",
        "flex": 1,
        "marginBottom": 10,
        "padding": 20,
        "width": 730,
      }
    }
  >
    <TextInput
      allowFontScaling={true}
      placeholder="Add an item!"
      style={
        Object {
          "borderBottomColor": "#bbb",
          "borderBottomWidth": 1,
          "fontSize": 24,
          "padding": 20,
        }
      }
      underlineColorAndroid="transparent"
    />
  </View>
</View>
`;
